{"ts": "2026-05-26T18:51:18", "level": "INFO", "worker": "9c6ae5fe", "modo": "testes", "msg": "Worker 9c6ae5fe iniciado | modo=testes | prompt=prompts/v1_gerar_testes.txt"}
{"ts": "2026-05-26T18:51:26", "level": "INFO", "worker": "9c6ae5fe", "modo": "testes", "msg": "Processando: calculadora.py | 32 chars | modo=testes"}
{"ts": "2026-05-26T18:51:35", "level": "INFO", "worker": "9c6ae5fe", "modo": "testes", "msg": "HTTP Request: POST http://127.0.0.1:11434/api/chat \"HTTP/1.1 200 OK\""}
{"ts": "2026-05-26T18:51:35", "level": "INFO", "worker": "9c6ae5fe", "modo": "testes", "msg": "Concluído: calculadora.py | latência=8.99s | chunks=1 | tokens=395"}
{"ts": "2026-05-26T18:51:35", "level": "INFO", "worker": "9c6ae5fe", "modo": "testes", "msg": "Mensagem removida da fila."}
{"ts": "2026-05-26T18:51:35", "level": "INFO", "worker": "9c6ae5fe", "modo": "testes", "msg": "Processando: string_utils.py | 49 chars | modo=testes"}
{"ts": "2026-05-26T18:51:42", "level": "INFO", "worker": "9c6ae5fe", "modo": "testes", "msg": "HTTP Request: POST http://127.0.0.1:11434/api/chat \"HTTP/1.1 200 OK\""}
{"ts": "2026-05-26T18:51:42", "level": "INFO", "worker": "9c6ae5fe", "modo": "testes", "msg": "Concluído: string_utils.py | latência=6.43s | chunks=1 | tokens=339"}
{"ts": "2026-05-26T18:51:42", "level": "INFO", "worker": "9c6ae5fe", "modo": "testes", "msg": "Mensagem removida da fila."}
{"ts": "2026-05-26T18:51:42", "level": "INFO", "worker": "9c6ae5fe", "modo": "testes", "msg": "Todos os 4 arquivos processados. Iniciando agregação..."}
{"ts": "2026-05-26T18:51:53", "level": "INFO", "worker": "9c6ae5fe", "modo": "testes", "msg": "Fila vazia. Aguardando... (1/3)"}
{"ts": "2026-05-26T18:52:03", "level": "INFO", "worker": "9c6ae5fe", "modo": "testes", "msg": "Fila vazia. Aguardando... (2/3)"}
{"ts": "2026-05-26T18:52:13", "level": "INFO", "worker": "9c6ae5fe", "modo": "testes", "msg": "Fila vazia. Aguardando... (3/3)"}
{"ts": "2026-05-26T18:52:23", "level": "INFO", "worker": "9c6ae5fe", "modo": "testes", "msg": "Fila vazia. Aguardando... (1/3)"}
{"ts": "2026-05-26T18:52:34", "level": "INFO", "worker": "9c6ae5fe", "modo": "testes", "msg": "Fila vazia. Aguardando... (2/3)"}
{"ts": "2026-05-26T18:52:44", "level": "INFO", "worker": "9c6ae5fe", "modo": "testes", "msg": "Fila vazia. Aguardando... (3/3)"}
{"ts": "2026-05-26T18:52:54", "level": "INFO", "worker": "9c6ae5fe", "modo": "testes", "msg": "Fila vazia. Aguardando... (1/3)"}
{"ts": "2026-05-26T18:53:04", "level": "INFO", "worker": "9c6ae5fe", "modo": "testes", "msg": "Fila vazia. Aguardando... (2/3)"}
{"ts": "2026-05-26T18:53:14", "level": "INFO", "worker": "9c6ae5fe", "modo": "testes", "msg": "Fila vazia. Aguardando... (3/3)"}
{"ts": "2026-05-26T18:53:25", "level": "INFO", "worker": "9c6ae5fe", "modo": "testes", "msg": "Fila vazia. Aguardando... (1/3)"}
{"ts": "2026-05-26T18:53:35", "level": "INFO", "worker": "9c6ae5fe", "modo": "testes", "msg": "Fila vazia. Aguardando... (2/3)"}
{"ts": "2026-05-26T18:53:45", "level": "INFO", "worker": "9c6ae5fe", "modo": "testes", "msg": "Fila vazia. Aguardando... (3/3)"}
{"ts": "2026-05-26T18:53:55", "level": "INFO", "worker": "9c6ae5fe", "modo": "testes", "msg": "Fila vazia. Aguardando... (1/3)"}
{"ts": "2026-05-26T18:54:05", "level": "INFO", "worker": "9c6ae5fe", "modo": "testes", "msg": "Fila vazia. Aguardando... (2/3)"}
{"ts": "2026-05-26T18:54:16", "level": "INFO", "worker": "9c6ae5fe", "modo": "testes", "msg": "Fila vazia. Aguardando... (3/3)"}
{"ts": "2026-05-26T18:54:26", "level": "INFO", "worker": "9c6ae5fe", "modo": "testes", "msg": "Fila vazia. Aguardando... (1/3)"}
{"ts": "2026-05-26T18:54:37", "level": "INFO", "worker": "9c6ae5fe", "modo": "testes", "msg": "Fila vazia. Aguardando... (2/3)"}
{"ts": "2026-05-26T18:54:47", "level": "INFO", "worker": "9c6ae5fe", "modo": "testes", "msg": "Fila vazia. Aguardando... (3/3)"}
{"ts": "2026-05-26T18:54:57", "level": "INFO", "worker": "9c6ae5fe", "modo": "testes", "msg": "Fila vazia. Aguardando... (1/3)"}
{"ts": "2026-05-26T18:54:59", "level": "INFO", "worker": "9c6ae5fe", "modo": "testes", "msg": "Worker encerrado pelo usuário."}
